// Jest Snapshot v1, https://goo.gl/fbAQLP

exports[`Header renders correctly 1`] = `
<header
  className="css-17qhf9j"
>
  <ul>
    <li>
      <Link
        to="/"
      >
        Home
      </Link>
    </li>
    <li>
      <Link
        to="/about"
      >
        About
      </Link>
    </li>
    <li>
      <Link
        to="/grid"
      >
        Grid
      </Link>
    </li>
    <li>
      <Link
        to="/contact"
      >
        Contact
      </Link>
    </li>
    <li>
      <a
        href="/email-templates/invitation"
      >
        Email Template
      </a>
    </li>
  </ul>
</header>
`;
